// Jest Snapshot v1, https://goo.gl/fbAQLP

exports[`Pruebas en AddCategory Debe mostrar AddCategory correctamente 1`] = `
<form
  onSubmit={[Function]}
>
  <p />
  <input
    onChange={[Function]}
    placeholder="Nombre de la busqueda"
    type="text"
    value=""
  />
</form>
`;
