// Jest Snapshot v1, https://goo.gl/fbAQLP

exports[`Pruebas en <GifGridItem /> Debe mostrar <GifGridItem /> correctamente 1`] = `
<div
  className="card animate__animated animate__backInDown"
>
  <img
    alt="Un titulo"
    src="http://localhost/algo.jpg"
  />
  <p>
    Un titulo
  </p>
</div>
`;
